[jetninjapro.com/index.html]
[backblue.gif]
[fade.gif]
[index.html]
[jetninjapro.com/wp-content/cache/min/1/wp-content/plugins/click-to-chat-for-whatsapp/new/inc/assets/css/mainfd26.css]
[jetninjapro.com/wp-content/themes/hello-elementor/style.min5b0a.css]
[jetninjapro.com/wp-content/themes/hello-elementor/theme.min5b0a.css]
[jetninjapro.com/wp-content/cache/min/1/wp-content/plugins/elementor/assets/lib/eicons/css/elementor-icons.minfd26.css]
[jetninjapro.com/wp-content/uploads/elementor/css/custom-frontend.mindd3a.css]
[jetninjapro.com/wp-content/plugins/elementor/assets/lib/swiper/css/swiper.min48f5.css]
[jetninjapro.com/wp-content/uploads/elementor/css/post-7dd3a.css]
[jetninjapro.com/wp-content/uploads/elementor/css/custom-pro-frontend.mindd3a.css]
[jetninjapro.com/wp-content/uploads/elementor/css/globaldd3a.css]
[jetninjapro.com/wp-content/uploads/elementor/css/post-1554122b.css]
[jetninjapro.com/feed/index.html]
[jetninjapro.com/wp-content/plugins/wp-rocket/assets/img/youtube.png]
[jetninjapro.com/wp-content/plugins/elementor/assets/lib/font-awesome/css/fontawesome.min52d5.css]
[jetninjapro.com/wp-content/cache/min/1/wp-content/plugins/elementor/assets/lib/font-awesome/css/solid.minfd26.css]
[jetninjapro.com/wp-content/cache/min/1/wp-content/plugins/elementor/assets/lib/font-awesome/css/brands.minfd26.css]
[jetninjapro.com/comments/feed/index.html]
[jetninjapro.com/wp-json/index.html]
[jetninjapro.com/wp-json/wp/v2/pages/1554.json]
[jetninjapro.com/xmlrpc0db0.php]
[jetninjapro.com/wp-json/oembed/1.0/embed85ef.json]
[jetninjapro.com/wp-json/oembed/1.0/embedba7d]
[jetninjapro.com/wp-content/uploads/2021/05/cropped-jet-ninja-pro-2-32x32.png]
[jetninjapro.com/wp-content/uploads/2021/05/cropped-jet-ninja-pro-2-192x192.png]
[jetninjapro.com/wp-content/uploads/2021/05/cropped-jet-ninja-pro-2-180x180.png]
[jetninjapro.com/wp-content/uploads/2021/05/LogoMakr-0RiIdv.png]
[jetninjapro.com/wp-content/uploads/2023/12/bandeira-cartoes.png]
[jetninjapro.com/wp-content/uploads/2023/12/pousada-aguas-claras-jet-booking-1.webp]
[jetninjapro.com/wp-content/uploads/2023/12/loja-virtual-woocommerce-mockup.webp]
[jetninjapro.com/wp-content/uploads/2023/12/imobiliaria-ninja-2.0.webp]
[jetninjapro.com/wp-content/uploads/2023/12/imobiliaria-1.0-mockup.webp]
[jetninjapro.com/wp-content/uploads/2023/12/crm-mockup.webp]
[jetninjapro.com/wp-content/uploads/2023/12/clinica-medica-mockup.webp]
[jetninjapro.com/wp-content/uploads/2023/12/classificados-mockup.webp]
[jetninjapro.com/wp-content/uploads/2023/12/catalogo-ninja-mockup.webp]
[jetninjapro.com/wp-content/uploads/2023/12/nuvem-crocoblock.webp]
[jetninjapro.com/wp-content/uploads/2023/12/mockup-jet-ninja-pro.webp]
[jetninjapro.com/wp-content/uploads/2023/12/suporte-discord.webp]
[jetninjapro.com/wp-content/uploads/2021/06/depoimentos-jet-ninja-pro-1.jpg]
[jetninjapro.com/wp-content/uploads/2021/06/depoimentos-jet-ninja-pro-2.jpg]
[jetninjapro.com/wp-content/uploads/2021/06/depoimentos-jet-ninja-pro-3.jpg]
[jetninjapro.com/wp-content/uploads/2021/06/depoimentos-jet-ninja-pro-4.jpg]
[jetninjapro.com/wp-content/uploads/2021/06/depoimentos-jet-ninja-pro-5.jpg]
[jetninjapro.com/cdn-cgi/l/email-protection.html]
[jetninjapro.com/cdn-cgi/scripts/5c5dd728/cloudflare-static/email-decode.min.js]
[jetninjapro.com/wp-includes/js/dist/hooks.min2ebd.js]
[jetninjapro.com/wp-includes/js/dist/i18n.minf92f.js]
[jetninjapro.com/wp-content/plugins/wp-rocket/assets/js/lazyload/17.8.3/lazyload.min.js]
[jetninjapro.com/index.html]
[jetninjapro.com/wp-content/cache/min/1/wp-content/plugins/click-to-chat-for-whatsapp/new/inc/assets/css/mainfd26.css]
[jetninjapro.com/wp-content/themes/hello-elementor/style.min5b0a.css]
[jetninjapro.com/wp-content/themes/hello-elementor/theme.min5b0a.css]
[jetninjapro.com/wp-content/cache/min/1/c528dfcf67dcab18d7b7a04856113119.js]
[jetninjapro.com/wp-content/plugins/elementor/assets/lib/eicons/fonts/eiconsb39f.eot]
[jetninjapro.com/wp-content/plugins/elementor/assets/lib/eicons/fonts/eiconsb39f.woff2]
[jetninjapro.com/wp-content/plugins/elementor/assets/lib/eicons/fonts/eiconsb39f.woff]
[jetninjapro.com/wp-content/plugins/elementor/assets/lib/eicons/fonts/eiconsb39f.ttf]
[jetninjapro.com/wp-content/cache/min/1/wp-content/plugins/elementor/assets/lib/eicons/css/elementor-icons.minfd26.css]
[jetninjapro.com/wp-content/uploads/elementor/css/custom-frontend.mindd3a.css]
[jetninjapro.com/wp-content/plugins/elementor/assets/lib/swiper/css/swiper.min48f5.css]
[jetninjapro.com/wp-content/uploads/elementor/css/post-7dd3a.css]
[jetninjapro.com/wp-content/uploads/elementor/css/custom-pro-frontend.mindd3a.css]
[jetninjapro.com/wp-content/uploads/elementor/css/globaldd3a.css]
[jetninjapro.com/wp-content/plugins/elementor/assets/lib/eicons/fonts/eiconsb39f.svg]
[jetninjapro.com/wp-content/uploads/2024/01/bg-rafa-jet-ninja-pro.webp]
[jetninjapro.com/wp-content/uploads/elementor/css/post-1554122b.css]
[jetninjapro.com/wp-content/uploads/2024/01/rafa-bg-jet-ninja-pro-mobile.webp]
[jetninjapro.com/wp-content/plugins/elementor/assets/lib/font-awesome/css/fontawesome.min52d5.css]
[jetninjapro.com/wp-content/plugins/elementor/assets/lib/font-awesome/webfonts/fa-solid-900.eot]
[jetninjapro.com/wp-content/plugins/elementor/assets/lib/font-awesome/webfonts/fa-solid-900d41d.eot]
[jetninjapro.com/wp-content/plugins/elementor/assets/lib/font-awesome/webfonts/fa-solid-900.woff2]
[jetninjapro.com/wp-content/plugins/elementor/assets/lib/font-awesome/webfonts/fa-solid-900.woff]
[jetninjapro.com/wp-content/plugins/elementor/assets/lib/font-awesome/webfonts/fa-solid-900.ttf]
[jetninjapro.com/wp-content/cache/min/1/wp-content/plugins/elementor/assets/lib/font-awesome/css/solid.minfd26.css]
[jetninjapro.com/wp-content/plugins/elementor/assets/lib/font-awesome/webfonts/fa-solid-900.svg]
[jetninjapro.com/wp-content/plugins/elementor/assets/lib/font-awesome/webfonts/fa-brands-400.eot]
[jetninjapro.com/wp-content/plugins/elementor/assets/lib/font-awesome/webfonts/fa-brands-400d41d.eot]
[jetninjapro.com/wp-content/plugins/elementor/assets/lib/font-awesome/webfonts/fa-brands-400.woff2]
[jetninjapro.com/wp-content/plugins/elementor/assets/lib/font-awesome/webfonts/fa-brands-400.woff]
[jetninjapro.com/wp-content/plugins/elementor/assets/lib/font-awesome/webfonts/fa-brands-400.ttf]
[jetninjapro.com/wp-content/cache/min/1/wp-content/plugins/elementor/assets/lib/font-awesome/css/brands.minfd26.css]
[jetninjapro.com/cdn-cgi/l/email-protection.html]
[jetninjapro.com/wp-content/plugins/elementor/assets/lib/eicons/fonts/eiconsb39f.svg]
[jetninjapro.com/wp-content/plugins/elementor/assets/lib/font-awesome/webfonts/fa-solid-900.svg]
[jetninjapro.com/wp-content/plugins/elementor/assets/lib/font-awesome/webfonts/fa-brands-400.svg]
[jetninjapro.com/wp-content/plugins/elementor/assets/lib/font-awesome/webfonts/fa-brands-400.svg]
